// Jest Snapshot v1, https://goo.gl/fbAQLP

exports[`correctlly renders a component should render calculator component 1`] = `
<div
  className="calculator__container"
>
  <div
    className="div calculator__field"
  >
    <input
      defaultValue={null}
      disabled="disabled"
      type="number"
    />
    <input
      defaultValue={null}
      disabled="disabled"
      type="number"
    />
  </div>
  <button
    className="calc__AC"
    onClick={[Function]}
    type="button"
  >
    AC
  </button>
  <button
    className="calc__plusMinus"
    onClick={[Function]}
    type="button"
  >
    +/-
  </button>
  <button
    className="calc__percent"
    onClick={[Function]}
    type="button"
  >
    %
  </button>
  <button
    className="calc__divide"
    onClick={[Function]}
    type="button"
  >
    รท
  </button>
  <button
    className="calc__seven"
    onClick={[Function]}
    type="button"
  >
    7
  </button>
  <button
    className="calc__eight"
    onClick={[Function]}
    type="button"
  >
    8
  </button>
  <button
    className="calc__nine"
    onClick={[Function]}
    type="button"
  >
    9
  </button>
  <button
    className="calc__mult"
    onClick={[Function]}
    type="button"
  >
    x
  </button>
  <button
    className="calc__four"
    onClick={[Function]}
    type="button"
  >
    4
  </button>
  <button
    className="calc__five"
    onClick={[Function]}
    type="button"
  >
    5
  </button>
  <button
    className="calc__six"
    onClick={[Function]}
    type="button"
  >
    6
  </button>
  <button
    className="calc__minus"
    onClick={[Function]}
    type="button"
  >
    -
  </button>
  <button
    className="calc__one"
    onClick={[Function]}
    type="button"
  >
    1
  </button>
  <button
    className="calc__two"
    onClick={[Function]}
    type="button"
  >
    2
  </button>
  <button
    className="calc__three"
    onClick={[Function]}
    type="button"
  >
    3
  </button>
  <button
    className="calc__plus"
    onClick={[Function]}
    type="button"
  >
    +
  </button>
  <button
    className="calc__zero"
    onClick={[Function]}
    type="button"
  >
    0
  </button>
  <button
    className="calc__period"
    onClick={[Function]}
    type="button"
  >
    .
  </button>
  <button
    className="calc__equal"
    onClick={[Function]}
    type="button"
  >
    =
  </button>
</div>
`;
